<?xml version="1.0" encoding="ISO-8859-1" ?>
<link_info>
   <banner>TI ARM Linker PC v20.2.6.LTS</banner>
   <copyright>Copyright (c) 1996-2018 Texas Instruments Incorporated</copyright>
   <link_time>0x639b5fc4</link_time>
   <link_errors>0x0</link_errors>
   <output_file>Pool.out</output_file>
   <entry_point>
      <name>_c_int00_noargs</name>
      <address>0x3f845</address>
   </entry_point>
   <input_file_list>
      <input_file id="fl-2">
         <path>.\</path>
         <kind>object</kind>
         <file>main.obj</file>
         <name>main.obj</name>
      </input_file>
      <input_file id="fl-3">
         <path>.\</path>
         <kind>object</kind>
         <file>threads.obj</file>
         <name>threads.obj</name>
      </input_file>
      <input_file id="fl-4">
         <path>.\</path>
         <kind>object</kind>
         <file>tm4c123gh6pm_startup_ccs.obj</file>
         <name>tm4c123gh6pm_startup_ccs.obj</name>
      </input_file>
      <input_file id="fl-5">
         <path>.\BoardSupport\driverlib\</path>
         <kind>object</kind>
         <file>adc.obj</file>
         <name>adc.obj</name>
      </input_file>
      <input_file id="fl-6">
         <path>.\BoardSupport\driverlib\</path>
         <kind>object</kind>
         <file>aes.obj</file>
         <name>aes.obj</name>
      </input_file>
      <input_file id="fl-7">
         <path>.\BoardSupport\driverlib\</path>
         <kind>object</kind>
         <file>can.obj</file>
         <name>can.obj</name>
      </input_file>
      <input_file id="fl-8">
         <path>.\BoardSupport\driverlib\</path>
         <kind>object</kind>
         <file>comp.obj</file>
         <name>comp.obj</name>
      </input_file>
      <input_file id="fl-9">
         <path>.\BoardSupport\driverlib\</path>
         <kind>object</kind>
         <file>cpu.obj</file>
         <name>cpu.obj</name>
      </input_file>
      <input_file id="fl-a">
         <path>.\BoardSupport\driverlib\</path>
         <kind>object</kind>
         <file>crc.obj</file>
         <name>crc.obj</name>
      </input_file>
      <input_file id="fl-b">
         <path>.\BoardSupport\driverlib\</path>
         <kind>object</kind>
         <file>des.obj</file>
         <name>des.obj</name>
      </input_file>
      <input_file id="fl-c">
         <path>.\BoardSupport\driverlib\</path>
         <kind>object</kind>
         <file>eeprom.obj</file>
         <name>eeprom.obj</name>
      </input_file>
      <input_file id="fl-d">
         <path>.\BoardSupport\driverlib\</path>
         <kind>object</kind>
         <file>emac.obj</file>
         <name>emac.obj</name>
      </input_file>
      <input_file id="fl-e">
         <path>.\BoardSupport\driverlib\</path>
         <kind>object</kind>
         <file>epi.obj</file>
         <name>epi.obj</name>
      </input_file>
      <input_file id="fl-f">
         <path>.\BoardSupport\driverlib\</path>
         <kind>object</kind>
         <file>epi_workaround_ccs.obj</file>
         <name>epi_workaround_ccs.obj</name>
      </input_file>
      <input_file id="fl-10">
         <path>.\BoardSupport\driverlib\</path>
         <kind>object</kind>
         <file>flash.obj</file>
         <name>flash.obj</name>
      </input_file>
      <input_file id="fl-11">
         <path>.\BoardSupport\driverlib\</path>
         <kind>object</kind>
         <file>fpu.obj</file>
         <name>fpu.obj</name>
      </input_file>
      <input_file id="fl-12">
         <path>.\BoardSupport\driverlib\</path>
         <kind>object</kind>
         <file>gpio.obj</file>
         <name>gpio.obj</name>
      </input_file>
      <input_file id="fl-13">
         <path>.\BoardSupport\driverlib\</path>
         <kind>object</kind>
         <file>hibernate.obj</file>
         <name>hibernate.obj</name>
      </input_file>
      <input_file id="fl-14">
         <path>.\BoardSupport\driverlib\</path>
         <kind>object</kind>
         <file>i2c.obj</file>
         <name>i2c.obj</name>
      </input_file>
      <input_file id="fl-15">
         <path>.\BoardSupport\driverlib\</path>
         <kind>object</kind>
         <file>interrupt.obj</file>
         <name>interrupt.obj</name>
      </input_file>
      <input_file id="fl-16">
         <path>.\BoardSupport\driverlib\</path>
         <kind>object</kind>
         <file>lcd.obj</file>
         <name>lcd.obj</name>
      </input_file>
      <input_file id="fl-17">
         <path>.\BoardSupport\driverlib\</path>
         <kind>object</kind>
         <file>mpu.obj</file>
         <name>mpu.obj</name>
      </input_file>
      <input_file id="fl-18">
         <path>.\BoardSupport\driverlib\</path>
         <kind>object</kind>
         <file>onewire.obj</file>
         <name>onewire.obj</name>
      </input_file>
      <input_file id="fl-19">
         <path>.\BoardSupport\driverlib\</path>
         <kind>object</kind>
         <file>pwm.obj</file>
         <name>pwm.obj</name>
      </input_file>
      <input_file id="fl-1a">
         <path>.\BoardSupport\driverlib\</path>
         <kind>object</kind>
         <file>qei.obj</file>
         <name>qei.obj</name>
      </input_file>
      <input_file id="fl-1b">
         <path>.\BoardSupport\driverlib\</path>
         <kind>object</kind>
         <file>shamd5.obj</file>
         <name>shamd5.obj</name>
      </input_file>
      <input_file id="fl-1c">
         <path>.\BoardSupport\driverlib\</path>
         <kind>object</kind>
         <file>ssi.obj</file>
         <name>ssi.obj</name>
      </input_file>
      <input_file id="fl-1d">
         <path>.\BoardSupport\driverlib\</path>
         <kind>object</kind>
         <file>sw_crc.obj</file>
         <name>sw_crc.obj</name>
      </input_file>
      <input_file id="fl-1e">
         <path>.\BoardSupport\driverlib\</path>
         <kind>object</kind>
         <file>sysctl.obj</file>
         <name>sysctl.obj</name>
      </input_file>
      <input_file id="fl-1f">
         <path>.\BoardSupport\driverlib\</path>
         <kind>object</kind>
         <file>sysexc.obj</file>
         <name>sysexc.obj</name>
      </input_file>
      <input_file id="fl-20">
         <path>.\BoardSupport\driverlib\</path>
         <kind>object</kind>
         <file>systick.obj</file>
         <name>systick.obj</name>
      </input_file>
      <input_file id="fl-21">
         <path>.\BoardSupport\driverlib\</path>
         <kind>object</kind>
         <file>timer.obj</file>
         <name>timer.obj</name>
      </input_file>
      <input_file id="fl-22">
         <path>.\BoardSupport\driverlib\</path>
         <kind>object</kind>
         <file>uart.obj</file>
         <name>uart.obj</name>
      </input_file>
      <input_file id="fl-23">
         <path>.\BoardSupport\driverlib\</path>
         <kind>object</kind>
         <file>uartstdio.obj</file>
         <name>uartstdio.obj</name>
      </input_file>
      <input_file id="fl-24">
         <path>.\BoardSupport\driverlib\</path>
         <kind>object</kind>
         <file>udma.obj</file>
         <name>udma.obj</name>
      </input_file>
      <input_file id="fl-25">
         <path>.\BoardSupport\driverlib\</path>
         <kind>object</kind>
         <file>usb.obj</file>
         <name>usb.obj</name>
      </input_file>
      <input_file id="fl-26">
         <path>.\BoardSupport\driverlib\</path>
         <kind>object</kind>
         <file>watchdog.obj</file>
         <name>watchdog.obj</name>
      </input_file>
      <input_file id="fl-27">
         <path>.\BoardSupport\src\</path>
         <kind>object</kind>
         <file>AsciiLib.obj</file>
         <name>AsciiLib.obj</name>
      </input_file>
      <input_file id="fl-28">
         <path>.\BoardSupport\src\</path>
         <kind>object</kind>
         <file>BoardInitialization.obj</file>
         <name>BoardInitialization.obj</name>
      </input_file>
      <input_file id="fl-29">
         <path>.\BoardSupport\src\</path>
         <kind>object</kind>
         <file>I2CDriver.obj</file>
         <name>I2CDriver.obj</name>
      </input_file>
      <input_file id="fl-2a">
         <path>.\BoardSupport\src\</path>
         <kind>object</kind>
         <file>ILI9341_Lib.obj</file>
         <name>ILI9341_Lib.obj</name>
      </input_file>
      <input_file id="fl-2b">
         <path>.\BoardSupport\src\</path>
         <kind>object</kind>
         <file>Joystick.obj</file>
         <name>Joystick.obj</name>
      </input_file>
      <input_file id="fl-2c">
         <path>.\BoardSupport\src\</path>
         <kind>object</kind>
         <file>RGBLedDriver.obj</file>
         <name>RGBLedDriver.obj</name>
      </input_file>
      <input_file id="fl-2d">
         <path>.\BoardSupport\src\</path>
         <kind>object</kind>
         <file>bme280.obj</file>
         <name>bme280.obj</name>
      </input_file>
      <input_file id="fl-2e">
         <path>.\BoardSupport\src\</path>
         <kind>object</kind>
         <file>bme280_support.obj</file>
         <name>bme280_support.obj</name>
      </input_file>
      <input_file id="fl-2f">
         <path>.\BoardSupport\src\</path>
         <kind>object</kind>
         <file>bmi160.obj</file>
         <name>bmi160.obj</name>
      </input_file>
      <input_file id="fl-30">
         <path>.\BoardSupport\src\</path>
         <kind>object</kind>
         <file>bmi160_support.obj</file>
         <name>bmi160_support.obj</name>
      </input_file>
      <input_file id="fl-31">
         <path>.\BoardSupport\src\</path>
         <kind>object</kind>
         <file>demo_sysctl.obj</file>
         <name>demo_sysctl.obj</name>
      </input_file>
      <input_file id="fl-32">
         <path>.\BoardSupport\src\</path>
         <kind>object</kind>
         <file>opt3001.obj</file>
         <name>opt3001.obj</name>
      </input_file>
      <input_file id="fl-33">
         <path>.\BoardSupport\src\</path>
         <kind>object</kind>
         <file>tableIMG.obj</file>
         <name>tableIMG.obj</name>
      </input_file>
      <input_file id="fl-34">
         <path>.\BoardSupport\src\</path>
         <kind>object</kind>
         <file>tmp007.obj</file>
         <name>tmp007.obj</name>
      </input_file>
      <input_file id="fl-35">
         <path>.\G8RTOS\</path>
         <kind>object</kind>
         <file>G8RTOS_CriticalSection.obj</file>
         <name>G8RTOS_CriticalSection.obj</name>
      </input_file>
      <input_file id="fl-36">
         <path>.\G8RTOS\</path>
         <kind>object</kind>
         <file>G8RTOS_IPC.obj</file>
         <name>G8RTOS_IPC.obj</name>
      </input_file>
      <input_file id="fl-37">
         <path>.\G8RTOS\</path>
         <kind>object</kind>
         <file>G8RTOS_Scheduler.obj</file>
         <name>G8RTOS_Scheduler.obj</name>
      </input_file>
      <input_file id="fl-38">
         <path>.\G8RTOS\</path>
         <kind>object</kind>
         <file>G8RTOS_SchedulerASM.obj</file>
         <name>G8RTOS_SchedulerASM.obj</name>
      </input_file>
      <input_file id="fl-39">
         <path>.\G8RTOS\</path>
         <kind>object</kind>
         <file>G8RTOS_Semaphores.obj</file>
         <name>G8RTOS_Semaphores.obj</name>
      </input_file>
      <input_file id="fl-3e">
         <kind>object</kind>
         <file>&lt;internal&gt;</file>
         <name>&lt;internal&gt;</name>
      </input_file>
      <input_file id="fl-f4">
         <path>C:\ti\ccs1200\ccs\tools\compiler\ti-cgt-arm_20.2.6.LTS\lib\</path>
         <kind>archive</kind>
         <file>rtsv7M4_T_le_v4SPD16_eabi.lib</file>
         <name>e_powf.c.obj</name>
      </input_file>
      <input_file id="fl-f5">
         <path>C:\ti\ccs1200\ccs\tools\compiler\ti-cgt-arm_20.2.6.LTS\lib\</path>
         <kind>archive</kind>
         <file>rtsv7M4_T_le_v4SPD16_eabi.lib</file>
         <name>e_sqrtf.c.obj</name>
      </input_file>
      <input_file id="fl-f6">
         <path>C:\ti\ccs1200\ccs\tools\compiler\ti-cgt-arm_20.2.6.LTS\lib\</path>
         <kind>archive</kind>
         <file>rtsv7M4_T_le_v4SPD16_eabi.lib</file>
         <name>s_scalbnf.c.obj</name>
      </input_file>
      <input_file id="fl-f7">
         <path>C:\ti\ccs1200\ccs\tools\compiler\ti-cgt-arm_20.2.6.LTS\lib\</path>
         <kind>archive</kind>
         <file>rtsv7M4_T_le_v4SPD16_eabi.lib</file>
         <name>s_copysignf.c.obj</name>
      </input_file>
      <input_file id="fl-f8">
         <path>C:\ti\ccs1200\ccs\tools\compiler\ti-cgt-arm_20.2.6.LTS\lib\</path>
         <kind>archive</kind>
         <file>rtsv7M4_T_le_v4SPD16_eabi.lib</file>
         <name>fd_add_t2.asm.obj</name>
      </input_file>
      <input_file id="fl-f9">
         <path>C:\ti\ccs1200\ccs\tools\compiler\ti-cgt-arm_20.2.6.LTS\lib\</path>
         <kind>archive</kind>
         <file>rtsv7M4_T_le_v4SPD16_eabi.lib</file>
         <name>fd_cmp_t2.asm.obj</name>
      </input_file>
      <input_file id="fl-fa">
         <path>C:\ti\ccs1200\ccs\tools\compiler\ti-cgt-arm_20.2.6.LTS\lib\</path>
         <kind>archive</kind>
         <file>rtsv7M4_T_le_v4SPD16_eabi.lib</file>
         <name>fd_div_t2.asm.obj</name>
      </input_file>
      <input_file id="fl-fb">
         <path>C:\ti\ccs1200\ccs\tools\compiler\ti-cgt-arm_20.2.6.LTS\lib\</path>
         <kind>archive</kind>
         <file>rtsv7M4_T_le_v4SPD16_eabi.lib</file>
         <name>fd_mul_t2.asm.obj</name>
      </input_file>
      <input_file id="fl-fc">
         <path>C:\ti\ccs1200\ccs\tools\compiler\ti-cgt-arm_20.2.6.LTS\lib\</path>
         <kind>archive</kind>
         <file>rtsv7M4_T_le_v4SPD16_eabi.lib</file>
         <name>fd_toi_t2.asm.obj</name>
      </input_file>
      <input_file id="fl-fd">
         <path>C:\ti\ccs1200\ccs\tools\compiler\ti-cgt-arm_20.2.6.LTS\lib\</path>
         <kind>archive</kind>
         <file>rtsv7M4_T_le_v4SPD16_eabi.lib</file>
         <name>fd_tos_t2.asm.obj</name>
      </input_file>
      <input_file id="fl-fe">
         <path>C:\ti\ccs1200\ccs\tools\compiler\ti-cgt-arm_20.2.6.LTS\lib\</path>
         <kind>archive</kind>
         <file>rtsv7M4_T_le_v4SPD16_eabi.lib</file>
         <name>fs_tod_t2.asm.obj</name>
      </input_file>
      <input_file id="fl-ff">
         <path>C:\ti\ccs1200\ccs\tools\compiler\ti-cgt-arm_20.2.6.LTS\lib\</path>
         <kind>archive</kind>
         <file>rtsv7M4_T_le_v4SPD16_eabi.lib</file>
         <name>ll_mul_t2.asm.obj</name>
      </input_file>
      <input_file id="fl-100">
         <path>C:\ti\ccs1200\ccs\tools\compiler\ti-cgt-arm_20.2.6.LTS\lib\</path>
         <kind>archive</kind>
         <file>rtsv7M4_T_le_v4SPD16_eabi.lib</file>
         <name>memcpy_t2.asm.obj</name>
      </input_file>
      <input_file id="fl-101">
         <path>C:\ti\ccs1200\ccs\tools\compiler\ti-cgt-arm_20.2.6.LTS\lib\</path>
         <kind>archive</kind>
         <file>rtsv7M4_T_le_v4SPD16_eabi.lib</file>
         <name>u_tofd_t2.asm.obj</name>
      </input_file>
      <input_file id="fl-102">
         <path>C:\ti\ccs1200\ccs\tools\compiler\ti-cgt-arm_20.2.6.LTS\lib\</path>
         <kind>archive</kind>
         <file>rtsv7M4_T_le_v4SPD16_eabi.lib</file>
         <name>memset_t2.asm.obj</name>
      </input_file>
      <input_file id="fl-103">
         <path>C:\ti\ccs1200\ccs\tools\compiler\ti-cgt-arm_20.2.6.LTS\lib\</path>
         <kind>archive</kind>
         <file>rtsv7M4_T_le_v4SPD16_eabi.lib</file>
         <name>u_divt2.asm.obj</name>
      </input_file>
      <input_file id="fl-104">
         <path>C:\ti\ccs1200\ccs\tools\compiler\ti-cgt-arm_20.2.6.LTS\lib\</path>
         <kind>archive</kind>
         <file>rtsv7M4_T_le_v4SPD16_eabi.lib</file>
         <name>ll_div_t2.asm.obj</name>
      </input_file>
      <input_file id="fl-105">
         <path>C:\ti\ccs1200\ccs\tools\compiler\ti-cgt-arm_20.2.6.LTS\lib\</path>
         <kind>archive</kind>
         <file>rtsv7M4_T_le_v4SPD16_eabi.lib</file>
         <name>ull_div_t2.asm.obj</name>
      </input_file>
      <input_file id="fl-106">
         <path>C:\ti\ccs1200\ccs\tools\compiler\ti-cgt-arm_20.2.6.LTS\lib\</path>
         <kind>archive</kind>
         <file>rtsv7M4_T_le_v4SPD16_eabi.lib</file>
         <name>copy_zero_init.c.obj</name>
      </input_file>
      <input_file id="fl-107">
         <path>C:\ti\ccs1200\ccs\tools\compiler\ti-cgt-arm_20.2.6.LTS\lib\</path>
         <kind>archive</kind>
         <file>rtsv7M4_T_le_v4SPD16_eabi.lib</file>
         <name>copy_decompress_none.c.obj</name>
      </input_file>
      <input_file id="fl-108">
         <path>C:\ti\ccs1200\ccs\tools\compiler\ti-cgt-arm_20.2.6.LTS\lib\</path>
         <kind>archive</kind>
         <file>rtsv7M4_T_le_v4SPD16_eabi.lib</file>
         <name>copy_decompress_lzss.c.obj</name>
      </input_file>
      <input_file id="fl-109">
         <path>C:\ti\ccs1200\ccs\tools\compiler\ti-cgt-arm_20.2.6.LTS\lib\</path>
         <kind>archive</kind>
         <file>rtsv7M4_T_le_v4SPD16_eabi.lib</file>
         <name>memory.c.obj</name>
      </input_file>
      <input_file id="fl-10a">
         <path>C:\ti\ccs1200\ccs\tools\compiler\ti-cgt-arm_20.2.6.LTS\lib\</path>
         <kind>archive</kind>
         <file>rtsv7M4_T_le_v4SPD16_eabi.lib</file>
         <name>rand.c.obj</name>
      </input_file>
      <input_file id="fl-10b">
         <path>C:\ti\ccs1200\ccs\tools\compiler\ti-cgt-arm_20.2.6.LTS\lib\</path>
         <kind>archive</kind>
         <file>rtsv7M4_T_le_v4SPD16_eabi.lib</file>
         <name>time.c.obj</name>
      </input_file>
      <input_file id="fl-10c">
         <path>C:\ti\ccs1200\ccs\tools\compiler\ti-cgt-arm_20.2.6.LTS\lib\</path>
         <kind>archive</kind>
         <file>rtsv7M4_T_le_v4SPD16_eabi.lib</file>
         <name>errno.c.obj</name>
      </input_file>
      <input_file id="fl-10d">
         <path>C:\ti\ccs1200\ccs\tools\compiler\ti-cgt-arm_20.2.6.LTS\lib\</path>
         <kind>archive</kind>
         <file>rtsv7M4_T_le_v4SPD16_eabi.lib</file>
         <name>boot_cortex_m.c.obj</name>
      </input_file>
      <input_file id="fl-10e">
         <path>C:\ti\ccs1200\ccs\tools\compiler\ti-cgt-arm_20.2.6.LTS\lib\</path>
         <kind>archive</kind>
         <file>rtsv7M4_T_le_v4SPD16_eabi.lib</file>
         <name>div0.asm.obj</name>
      </input_file>
      <input_file id="fl-10f">
         <path>C:\ti\ccs1200\ccs\tools\compiler\ti-cgt-arm_20.2.6.LTS\lib\</path>
         <kind>archive</kind>
         <file>rtsv7M4_T_le_v4SPD16_eabi.lib</file>
         <name>autoinit.c.obj</name>
      </input_file>
      <input_file id="fl-110">
         <path>C:\ti\ccs1200\ccs\tools\compiler\ti-cgt-arm_20.2.6.LTS\lib\</path>
         <kind>archive</kind>
         <file>rtsv7M4_T_le_v4SPD16_eabi.lib</file>
         <name>pre_init.c.obj</name>
      </input_file>
      <input_file id="fl-111">
         <path>C:\ti\ccs1200\ccs\tools\compiler\ti-cgt-arm_20.2.6.LTS\lib\</path>
         <kind>archive</kind>
         <file>rtsv7M4_T_le_v4SPD16_eabi.lib</file>
         <name>cpy_tbl.c.obj</name>
      </input_file>
      <input_file id="fl-112">
         <path>C:\ti\ccs1200\ccs\tools\compiler\ti-cgt-arm_20.2.6.LTS\lib\</path>
         <kind>archive</kind>
         <file>rtsv7M4_T_le_v4SPD16_eabi.lib</file>
         <name>exit.c.obj</name>
      </input_file>
      <input_file id="fl-113">
         <path>C:\ti\ccs1200\ccs\tools\compiler\ti-cgt-arm_20.2.6.LTS\lib\</path>
         <kind>archive</kind>
         <file>rtsv7M4_T_le_v4SPD16_eabi.lib</file>
         <name>_lock.c.obj</name>
      </input_file>
      <input_file id="fl-114">
         <path>C:\ti\ccs1200\ccs\tools\compiler\ti-cgt-arm_20.2.6.LTS\lib\</path>
         <kind>archive</kind>
         <file>rtsv7M4_T_le_v4SPD16_eabi.lib</file>
         <name>args_main.c.obj</name>
      </input_file>
      <input_file id="fl-115">
         <path>C:\ti\ccs1200\ccs\tools\compiler\ti-cgt-arm_20.2.6.LTS\lib\</path>
         <kind>archive</kind>
         <file>rtsv7M4_T_le_v4SPD16_eabi.lib</file>
         <name>hosttime.c.obj</name>
      </input_file>
      <input_file id="fl-116">
         <path>C:\ti\ccs1200\ccs\tools\compiler\ti-cgt-arm_20.2.6.LTS\lib\</path>
         <kind>archive</kind>
         <file>rtsv7M4_T_le_v4SPD16_eabi.lib</file>
         <name>trgmsg.c.obj</name>
      </input_file>
      <input_file id="fl-117">
         <path>C:\ti\ccs1200\ccs\tools\compiler\ti-cgt-arm_20.2.6.LTS\lib\</path>
         <kind>archive</kind>
         <file>rtsv7M4_T_le_v4SPD16_eabi.lib</file>
         <name>hostopen.c.obj</name>
      </input_file>
      <input_file id="fl-118">
         <path>C:\ti\ccs1200\ccs\tools\compiler\ti-cgt-arm_20.2.6.LTS\lib\</path>
         <kind>archive</kind>
         <file>rtsv7M4_T_le_v4SPD16_eabi.lib</file>
         <name>strlen.c.obj</name>
      </input_file>
   </input_file_list>
   <object_component_list>
      <object_component id="oc-12">
         <name>.intvecs</name>
         <load_address>0x0</load_address>
         <run_address>0x0</run_address>
         <size>0x26c</size>
         <input_file_ref idref="fl-4"/>
      </object_component>
      <object_component id="oc-297">
         <name>.text</name>
         <load_address>0x267d4</load_address>
         <run_address>0x267d4</run_address>
         <size>0xd008</size>
         <input_file_ref idref="fl-2f"/>
      </object_component>
      <object_component id="oc-2ae">
         <name>.text</name>
         <load_address>0x337dc</load_address>
         <run_address>0x337dc</run_address>
         <size>0x17d8</size>
         <input_file_ref idref="fl-2d"/>
      </object_component>
      <object_component id="oc-223">
         <name>.text</name>
         <load_address>0x34fb4</load_address>
         <run_address>0x34fb4</run_address>
         <size>0x152c</size>
         <input_file_ref idref="fl-3"/>
      </object_component>
      <object_component id="oc-354">
         <name>.text</name>
         <load_address>0x364e0</load_address>
         <run_address>0x364e0</run_address>
         <size>0x1064</size>
         <input_file_ref idref="fl-36"/>
      </object_component>
      <object_component id="oc-a0">
         <name>.text</name>
         <load_address>0x37544</load_address>
         <run_address>0x37544</run_address>
         <size>0xfa0</size>
         <input_file_ref idref="fl-1e"/>
      </object_component>
      <object_component id="oc-195">
         <name>.text</name>
         <load_address>0x384e4</load_address>
         <run_address>0x384e4</run_address>
         <size>0xe1c</size>
         <input_file_ref idref="fl-2a"/>
      </object_component>
      <object_component id="oc-183">
         <name>.text</name>
         <load_address>0x39300</load_address>
         <run_address>0x39300</run_address>
         <size>0xc38</size>
         <input_file_ref idref="fl-30"/>
      </object_component>
      <object_component id="oc-d8">
         <name>.text</name>
         <load_address>0x39f38</load_address>
         <run_address>0x39f38</run_address>
         <size>0xc18</size>
         <input_file_ref idref="fl-12"/>
      </object_component>
      <object_component id="oc-35">
         <name>.text</name>
         <load_address>0x3ab50</load_address>
         <run_address>0x3ab50</run_address>
         <size>0x850</size>
         <input_file_ref idref="fl-37"/>
      </object_component>
      <object_component id="oc-de">
         <name>.text</name>
         <load_address>0x3b3a0</load_address>
         <run_address>0x3b3a0</run_address>
         <size>0x83c</size>
         <input_file_ref idref="fl-5"/>
      </object_component>
      <object_component id="oc-28b">
         <name>.text</name>
         <load_address>0x3bbdc</load_address>
         <run_address>0x3bbdc</run_address>
         <size>0x6fc</size>
         <input_file_ref idref="fl-14"/>
      </object_component>
      <object_component id="oc-15f">
         <name>.text</name>
         <load_address>0x3c2d8</load_address>
         <run_address>0x3c2d8</run_address>
         <size>0x62e</size>
         <input_file_ref idref="fl-22"/>
      </object_component>
      <object_component id="oc-440">
         <name>.text:_nop</name>
         <load_address>0x3c906</load_address>
         <run_address>0x3c906</run_address>
         <size>0x2</size>
         <input_file_ref idref="fl-113"/>
      </object_component>
      <object_component id="oc-44e">
         <name>.text:powf</name>
         <load_address>0x3c908</load_address>
         <run_address>0x3c908</run_address>
         <size>0x58c</size>
         <input_file_ref idref="fl-f4"/>
      </object_component>
      <object_component id="oc-165">
         <name>.text</name>
         <load_address>0x3ce94</load_address>
         <run_address>0x3ce94</run_address>
         <size>0x4a8</size>
         <input_file_ref idref="fl-23"/>
      </object_component>
      <object_component id="oc-189">
         <name>.text</name>
         <load_address>0x3d33c</load_address>
         <run_address>0x3d33c</run_address>
         <size>0x408</size>
         <input_file_ref idref="fl-2e"/>
      </object_component>
      <object_component id="oc-a6">
         <name>.text</name>
         <load_address>0x3d744</load_address>
         <run_address>0x3d744</run_address>
         <size>0x3c0</size>
         <input_file_ref idref="fl-15"/>
      </object_component>
      <object_component id="oc-2cd">
         <name>.text</name>
         <load_address>0x3db04</load_address>
         <run_address>0x3db04</run_address>
         <size>0x362</size>
         <input_file_ref idref="fl-1c"/>
      </object_component>
      <object_component id="oc-3a1">
         <name>.text</name>
         <load_address>0x3de66</load_address>
         <run_address>0x3de66</run_address>
         <size>0x2</size>
         <input_file_ref idref="fl-10e"/>
      </object_component>
      <object_component id="oc-17d">
         <name>.text</name>
         <load_address>0x3de68</load_address>
         <run_address>0x3de68</run_address>
         <size>0x2c4</size>
         <input_file_ref idref="fl-34"/>
      </object_component>
      <object_component id="oc-364">
         <name>.text</name>
         <load_address>0x3e12c</load_address>
         <run_address>0x3e12c</run_address>
         <size>0x1b6</size>
         <input_file_ref idref="fl-f8"/>
      </object_component>
      <object_component id="oc-171">
         <name>.text</name>
         <load_address>0x3e2e4</load_address>
         <run_address>0x3e2e4</run_address>
         <size>0x1b4</size>
         <input_file_ref idref="fl-29"/>
      </object_component>
      <object_component id="oc-18f">
         <name>.text</name>
         <load_address>0x3e498</load_address>
         <run_address>0x3e498</run_address>
         <size>0x1a8</size>
         <input_file_ref idref="fl-2c"/>
      </object_component>
      <object_component id="oc-9a">
         <name>.text</name>
         <load_address>0x3e640</load_address>
         <run_address>0x3e640</run_address>
         <size>0x160</size>
         <input_file_ref idref="fl-28"/>
      </object_component>
      <object_component id="oc-369">
         <name>.text</name>
         <load_address>0x3e7a0</load_address>
         <run_address>0x3e7a0</run_address>
         <size>0x136</size>
         <input_file_ref idref="fl-fa"/>
      </object_component>
      <object_component id="oc-177">
         <name>.text</name>
         <load_address>0x3e8d8</load_address>
         <run_address>0x3e8d8</run_address>
         <size>0x134</size>
         <input_file_ref idref="fl-32"/>
      </object_component>
      <object_component id="oc-335">
         <name>.text:aligned_alloc</name>
         <load_address>0x3ea0c</load_address>
         <run_address>0x3ea0c</run_address>
         <size>0x100</size>
         <input_file_ref idref="fl-109"/>
      </object_component>
      <object_component id="oc-2f4">
         <name>.text</name>
         <load_address>0x3eb0c</load_address>
         <run_address>0x3eb0c</run_address>
         <size>0xfc</size>
         <input_file_ref idref="fl-fb"/>
      </object_component>
      <object_component id="oc-3b">
         <name>.text</name>
         <load_address>0x3ec08</load_address>
         <run_address>0x3ec08</run_address>
         <size>0xf0</size>
         <input_file_ref idref="fl-2b"/>
      </object_component>
      <object_component id="oc-110">
         <name>.text</name>
         <load_address>0x3ecf8</load_address>
         <run_address>0x3ecf8</run_address>
         <size>0xe0</size>
         <input_file_ref idref="fl-2"/>
      </object_component>
      <object_component id="oc-204">
         <name>.text</name>
         <load_address>0x3edd8</load_address>
         <run_address>0x3edd8</run_address>
         <size>0xd4</size>
         <input_file_ref idref="fl-39"/>
      </object_component>
      <object_component id="oc-4c2">
         <name>.text:scalbnf</name>
         <load_address>0x3eeac</load_address>
         <run_address>0x3eeac</run_address>
         <size>0xd0</size>
         <input_file_ref idref="fl-f6"/>
      </object_component>
      <object_component id="oc-16b">
         <name>.text</name>
         <load_address>0x3ef7c</load_address>
         <run_address>0x3ef7c</run_address>
         <size>0xc0</size>
         <input_file_ref idref="fl-11"/>
      </object_component>
      <object_component id="oc-2d3">
         <name>.text:PutChar</name>
         <load_address>0x3f03c</load_address>
         <run_address>0x3f03c</run_address>
         <size>0xa6</size>
         <input_file_ref idref="fl-2a"/>
      </object_component>
      <object_component id="oc-4f">
         <name>.text</name>
         <load_address>0x3f0e2</load_address>
         <run_address>0x3f0e2</run_address>
         <size>0x9c</size>
         <input_file_ref idref="fl-100"/>
      </object_component>
      <object_component id="oc-49a">
         <name>.text</name>
         <load_address>0x3f17e</load_address>
         <run_address>0x3f17e</run_address>
         <size>0x96</size>
         <input_file_ref idref="fl-105"/>
      </object_component>
      <object_component id="oc-94">
         <name>.text</name>
         <load_address>0x3f214</load_address>
         <run_address>0x3f214</run_address>
         <size>0x88</size>
         <input_file_ref idref="fl-20"/>
      </object_component>
      <object_component id="oc-20f">
         <name>.text:__aeabi_cdrcmple</name>
         <load_address>0x3f29c</load_address>
         <run_address>0x3f29c</run_address>
         <size>0x86</size>
         <input_file_ref idref="fl-f9"/>
      </object_component>
      <object_component id="oc-104">
         <name>.text</name>
         <load_address>0x3f322</load_address>
         <run_address>0x3f322</run_address>
         <size>0x7a</size>
         <input_file_ref idref="fl-102"/>
      </object_component>
      <object_component id="oc-41a">
         <name>.text:split</name>
         <load_address>0x3f39c</load_address>
         <run_address>0x3f39c</run_address>
         <size>0x70</size>
         <input_file_ref idref="fl-109"/>
      </object_component>
      <object_component id="oc-36e">
         <name>.text</name>
         <load_address>0x3f40c</load_address>
         <run_address>0x3f40c</run_address>
         <size>0x6e</size>
         <input_file_ref idref="fl-fd"/>
      </object_component>
      <object_component id="oc-3ea">
         <name>.text</name>
         <load_address>0x3f47a</load_address>
         <run_address>0x3f47a</run_address>
         <size>0x6e</size>
         <input_file_ref idref="fl-104"/>
      </object_component>
      <object_component id="oc-15">
         <name>.text:decompress:lzss:__TI_decompress_lzss</name>
         <load_address>0x3f4e8</load_address>
         <run_address>0x3f4e8</run_address>
         <size>0x68</size>
         <input_file_ref idref="fl-108"/>
      </object_component>
      <object_component id="oc-33f">
         <name>.text:HOSTtime</name>
         <load_address>0x3f550</load_address>
         <run_address>0x3f550</run_address>
         <size>0x48</size>
         <input_file_ref idref="fl-115"/>
      </object_component>
      <object_component id="oc-2f9">
         <name>.text</name>
         <load_address>0x3f598</load_address>
         <run_address>0x3f598</run_address>
         <size>0x48</size>
         <input_file_ref idref="fl-fc"/>
      </object_component>
      <object_component id="oc-236">
         <name>.text:__TI_auto_init_nobinit_nopinit:__TI_auto_init_nobinit_nopinit</name>
         <load_address>0x3f5e0</load_address>
         <run_address>0x3f5e0</run_address>
         <size>0x44</size>
         <input_file_ref idref="fl-10f"/>
      </object_component>
      <object_component id="oc-401">
         <name>.text</name>
         <load_address>0x3f624</load_address>
         <run_address>0x3f624</run_address>
         <size>0x40</size>
         <input_file_ref idref="fl-27"/>
      </object_component>
      <object_component id="oc-30">
         <name>.text</name>
         <load_address>0x3f664</load_address>
         <run_address>0x3f664</run_address>
         <size>0x40</size>
         <input_file_ref idref="fl-38"/>
      </object_component>
      <object_component id="oc-2e1">
         <name>.text:LCD_WriteData</name>
         <load_address>0x3f6a4</load_address>
         <run_address>0x3f6a4</run_address>
         <size>0x40</size>
         <input_file_ref idref="fl-2a"/>
      </object_component>
      <object_component id="oc-27b">
         <name>.text</name>
         <load_address>0x3f6e4</load_address>
         <run_address>0x3f6e4</run_address>
         <size>0x40</size>
         <input_file_ref idref="fl-103"/>
      </object_component>
      <object_component id="oc-19f">
         <name>.text</name>
         <load_address>0x3f724</load_address>
         <run_address>0x3f724</run_address>
         <size>0x3e</size>
         <input_file_ref idref="fl-9"/>
      </object_component>
      <object_component id="oc-2da">
         <name>.text:LCD_WriteIndex</name>
         <load_address>0x3f764</load_address>
         <run_address>0x3f764</run_address>
         <size>0x3c</size>
         <input_file_ref idref="fl-2a"/>
      </object_component>
      <object_component id="oc-424">
         <name>.text:__TI_writemsg</name>
         <load_address>0x3f7a0</load_address>
         <run_address>0x3f7a0</run_address>
         <size>0x38</size>
         <input_file_ref idref="fl-116"/>
      </object_component>
      <object_component id="oc-20a">
         <name>.text</name>
         <load_address>0x3f7d8</load_address>
         <run_address>0x3f7d8</run_address>
         <size>0x38</size>
         <input_file_ref idref="fl-fe"/>
      </object_component>
      <object_component id="oc-42a">
         <name>.text:__TI_readmsg</name>
         <load_address>0x3f810</load_address>
         <run_address>0x3f810</run_address>
         <size>0x34</size>
         <input_file_ref idref="fl-116"/>
      </object_component>
      <object_component id="oc-6d">
         <name>.text:_c_int00_noargs:_c_int00_noargs</name>
         <load_address>0x3f844</load_address>
         <run_address>0x3f844</run_address>
         <size>0x34</size>
         <input_file_ref idref="fl-10d"/>
      </object_component>
      <object_component id="oc-2e8">
         <name>.text:LCD_Write_Data_Only</name>
         <load_address>0x3f878</load_address>
         <run_address>0x3f878</run_address>
         <size>0x28</size>
         <input_file_ref idref="fl-2a"/>
      </object_component>
      <object_component id="oc-414">
         <name>.text:free_list_insert</name>
         <load_address>0x3f8a0</load_address>
         <run_address>0x3f8a0</run_address>
         <size>0x28</size>
         <input_file_ref idref="fl-109"/>
      </object_component>
      <object_component id="oc-454">
         <name>.text:sqrtf</name>
         <load_address>0x3f8c8</load_address>
         <run_address>0x3f8c8</run_address>
         <size>0x28</size>
         <input_file_ref idref="fl-f5"/>
      </object_component>
      <object_component id="oc-2a2">
         <name>.text</name>
         <load_address>0x3f8f0</load_address>
         <run_address>0x3f8f0</run_address>
         <size>0x26</size>
         <input_file_ref idref="fl-31"/>
      </object_component>
      <object_component id="oc-21a">
         <name>.text:srand</name>
         <load_address>0x3f918</load_address>
         <run_address>0x3f918</run_address>
         <size>0x24</size>
         <input_file_ref idref="fl-10a"/>
      </object_component>
      <object_component id="oc-2ef">
         <name>.text</name>
         <load_address>0x3f93c</load_address>
         <run_address>0x3f93c</run_address>
         <size>0x20</size>
         <input_file_ref idref="fl-101"/>
      </object_component>
      <object_component id="oc-40e">
         <name>.text:free_list_remove</name>
         <load_address>0x3f95c</load_address>
         <run_address>0x3f95c</run_address>
         <size>0x1c</size>
         <input_file_ref idref="fl-109"/>
      </object_component>
      <object_component id="oc-4f7">
         <name>.text:copysignf</name>
         <load_address>0x3f978</load_address>
         <run_address>0x3f978</run_address>
         <size>0x18</size>
         <input_file_ref idref="fl-f7"/>
      </object_component>
      <object_component id="oc-3e5">
         <name>.text</name>
         <load_address>0x3f990</load_address>
         <run_address>0x3f990</run_address>
         <size>0x18</size>
         <input_file_ref idref="fl-ff"/>
      </object_component>
      <object_component id="oc-ac">
         <name>.text</name>
         <load_address>0x3f9a8</load_address>
         <run_address>0x3f9a8</run_address>
         <size>0xe</size>
         <input_file_ref idref="fl-35"/>
      </object_component>
      <object_component id="oc-214">
         <name>.text:__time32</name>
         <load_address>0x3f9b6</load_address>
         <run_address>0x3f9b6</run_address>
         <size>0xe</size>
         <input_file_ref idref="fl-10b"/>
      </object_component>
      <object_component id="oc-1b">
         <name>.text:decompress:none:__TI_decompress_none</name>
         <load_address>0x3f9c4</load_address>
         <run_address>0x3f9c4</run_address>
         <size>0xe</size>
         <input_file_ref idref="fl-107"/>
      </object_component>
      <object_component id="oc-61">
         <name>.text:decompress:ZI:__TI_zero_init</name>
         <load_address>0x3f9d2</load_address>
         <run_address>0x3f9d2</run_address>
         <size>0xc</size>
         <input_file_ref idref="fl-106"/>
      </object_component>
      <object_component id="oc-2a">
         <name>.text</name>
         <load_address>0x3f9de</load_address>
         <run_address>0x3f9de</run_address>
         <size>0xc</size>
         <input_file_ref idref="fl-4"/>
      </object_component>
      <object_component id="oc-4c8">
         <name>.text:__aeabi_errno_addr</name>
         <load_address>0x3f9ec</load_address>
         <run_address>0x3f9ec</run_address>
         <size>0x8</size>
         <input_file_ref idref="fl-10c"/>
      </object_component>
      <object_component id="oc-1fe">
         <name>.text:malloc</name>
         <load_address>0x3f9f4</load_address>
         <run_address>0x3f9f4</run_address>
         <size>0x8</size>
         <input_file_ref idref="fl-109"/>
      </object_component>
      <object_component id="oc-e4">
         <name>.text:SysCtlDelay</name>
         <load_address>0x3f9fc</load_address>
         <run_address>0x3f9fc</run_address>
         <size>0x6</size>
         <input_file_ref idref="fl-1e"/>
      </object_component>
      <object_component id="oc-2cc">
         <name>.text:SysDelay</name>
         <load_address>0x3fa02</load_address>
         <run_address>0x3fa02</run_address>
         <size>0x6</size>
         <input_file_ref idref="fl-31"/>
      </object_component>
      <object_component id="oc-10a">
         <name>.text:_system_pre_init</name>
         <load_address>0x3fa08</load_address>
         <run_address>0x3fa08</run_address>
         <size>0x4</size>
         <input_file_ref idref="fl-110"/>
      </object_component>
      <object_component id="oc-22a">
         <name>.text:abort:abort</name>
         <load_address>0x3fa0c</load_address>
         <run_address>0x3fa0c</run_address>
         <size>0x4</size>
         <input_file_ref idref="fl-112"/>
      </object_component>
      <object_component id="oc-2fe">
         <name>.const:POOLTABLE_IMAGE</name>
         <load_address>0x26c</load_address>
         <run_address>0x26c</run_address>
         <size>0x25800</size>
         <input_file_ref idref="fl-2a"/>
      </object_component>
      <object_component id="oc-4a8">
         <name>.const:AsciiLib</name>
         <load_address>0x25a6c</load_address>
         <run_address>0x25a6c</run_address>
         <size>0x5f0</size>
         <input_file_ref idref="fl-27"/>
      </object_component>
      <object_component id="oc-1ab">
         <name>.const:g_pppui32XTALtoVCO</name>
         <load_address>0x2605c</load_address>
         <run_address>0x2605c</run_address>
         <size>0x1b0</size>
         <input_file_ref idref="fl-1e"/>
      </object_component>
      <object_component id="oc-1df">
         <name>.const:g_ppui32GPIOIntMapSnowflake</name>
         <load_address>0x2620c</load_address>
         <run_address>0x2620c</run_address>
         <size>0xd8</size>
         <input_file_ref idref="fl-12"/>
      </object_component>
      <object_component id="oc-1dc">
         <name>.const:g_ppui32GPIOIntMapBlizzard</name>
         <load_address>0x262e4</load_address>
         <run_address>0x262e4</run_address>
         <size>0xc0</size>
         <input_file_ref idref="fl-12"/>
      </object_component>
      <object_component id="oc-1bb">
         <name>.const:g_pui32Regs</name>
         <load_address>0x263a4</load_address>
         <run_address>0x263a4</run_address>
         <size>0x9c</size>
         <input_file_ref idref="fl-15"/>
      </object_component>
      <object_component id="oc-1e2">
         <name>.const:g_pui32GPIOBaseAddrs</name>
         <load_address>0x26440</load_address>
         <run_address>0x26440</run_address>
         <size>0x90</size>
         <input_file_ref idref="fl-12"/>
      </object_component>
      <object_component id="oc-1a5">
         <name>.const:g_pui32Xtals</name>
         <load_address>0x264d0</load_address>
         <run_address>0x264d0</run_address>
         <size>0x6c</size>
         <input_file_ref idref="fl-1e"/>
      </object_component>
      <object_component id="oc-3af">
         <name>.const:g_ppui32I2CIntMapSnowflake</name>
         <load_address>0x2653c</load_address>
         <run_address>0x2653c</run_address>
         <size>0x50</size>
         <input_file_ref idref="fl-14"/>
      </object_component>
      <object_component id="oc-26a">
         <name>.const:g_ppui32UARTIntMap</name>
         <load_address>0x2658c</load_address>
         <run_address>0x2658c</run_address>
         <size>0x40</size>
         <input_file_ref idref="fl-22"/>
      </object_component>
      <object_component id="oc-26d">
         <name>.const:g_ppui32UARTIntMapSnowflake</name>
         <load_address>0x265cc</load_address>
         <run_address>0x265cc</run_address>
         <size>0x40</size>
         <input_file_ref idref="fl-22"/>
      </object_component>
      <object_component id="oc-3ac">
         <name>.const:g_ppui32I2CIntMap</name>
         <load_address>0x2660c</load_address>
         <run_address>0x2660c</run_address>
         <size>0x30</size>
         <input_file_ref idref="fl-14"/>
      </object_component>
      <object_component id="oc-19c">
         <name>.const:g_sXTALtoMEMTIM</name>
         <load_address>0x2663c</load_address>
         <run_address>0x2663c</run_address>
         <size>0x30</size>
         <input_file_ref idref="fl-1e"/>
      </object_component>
      <object_component id="oc-374">
         <name>.const:$P$T2$3</name>
         <load_address>0x2666c</load_address>
         <run_address>0x2666c</run_address>
         <size>0x20</size>
         <input_file_ref idref="fl-3"/>
      </object_component>
      <object_component id="oc-3f9">
         <name>.const:g_ppui32SSIIntMap</name>
         <load_address>0x2668c</load_address>
         <run_address>0x2668c</run_address>
         <size>0x20</size>
         <input_file_ref idref="fl-1c"/>
      </object_component>
      <object_component id="oc-3fc">
         <name>.const:g_ppui32SSIIntMapSnowflake</name>
         <load_address>0x266ac</load_address>
         <run_address>0x266ac</run_address>
         <size>0x20</size>
         <input_file_ref idref="fl-1c"/>
      </object_component>
      <object_component id="oc-1b8">
         <name>.const:g_pui32Priority</name>
         <load_address>0x266cc</load_address>
         <run_address>0x266cc</run_address>
         <size>0x20</size>
         <input_file_ref idref="fl-15"/>
      </object_component>
      <object_component id="oc-4ce">
         <name>.const:$O1$$</name>
         <load_address>0x266ec</load_address>
         <run_address>0x266ec</run_address>
         <size>0x18</size>
         <input_file_ref idref="fl-f4"/>
      </object_component>
      <object_component id="oc-1c1">
         <name>.const:g_pui32Dii16Regs</name>
         <load_address>0x26704</load_address>
         <run_address>0x26704</run_address>
         <size>0x14</size>
         <input_file_ref idref="fl-15"/>
      </object_component>
      <object_component id="oc-1be">
         <name>.const:g_pui32EnRegs</name>
         <load_address>0x26718</load_address>
         <run_address>0x26718</run_address>
         <size>0x14</size>
         <input_file_ref idref="fl-15"/>
      </object_component>
      <object_component id="oc-1c4">
         <name>.const:g_pui32PendRegs</name>
         <load_address>0x2672c</load_address>
         <run_address>0x2672c</run_address>
         <size>0x14</size>
         <input_file_ref idref="fl-15"/>
      </object_component>
      <object_component id="oc-1c7">
         <name>.const:g_pui32UnpendRegs</name>
         <load_address>0x26740</load_address>
         <run_address>0x26740</run_address>
         <size>0x14</size>
         <input_file_ref idref="fl-15"/>
      </object_component>
      <object_component id="oc-3a7">
         <name>.const:.string</name>
         <load_address>0x26754</load_address>
         <run_address>0x26754</run_address>
         <size>0x12</size>
         <input_file_ref idref="fl-23"/>
      </object_component>
      <object_component id="oc-35d">
         <name>.const:$P$T0$1</name>
         <load_address>0x26766</load_address>
         <run_address>0x26766</run_address>
         <size>0x10</size>
         <input_file_ref idref="fl-3"/>
      </object_component>
      <object_component id="oc-360">
         <name>.const:$P$T1$2</name>
         <load_address>0x26776</load_address>
         <run_address>0x26776</run_address>
         <size>0x10</size>
         <input_file_ref idref="fl-3"/>
      </object_component>
      <object_component id="oc-278">
         <name>.const:g_ui32UARTBase</name>
         <load_address>0x26788</load_address>
         <run_address>0x26788</run_address>
         <size>0xc</size>
         <input_file_ref idref="fl-23"/>
      </object_component>
      <object_component id="oc-272">
         <name>.const:g_ui32UARTPeriph</name>
         <load_address>0x26794</load_address>
         <run_address>0x26794</run_address>
         <size>0xc</size>
         <input_file_ref idref="fl-23"/>
      </object_component>
      <object_component id="oc-3d0">
         <name>.const:yas532_version_ac_coef</name>
         <load_address>0x267a0</load_address>
         <run_address>0x267a0</run_address>
         <size>0xc</size>
         <input_file_ref idref="fl-2f"/>
      </object_component>
      <object_component id="oc-1a8">
         <name>.const:g_pui32VCOFrequencies</name>
         <load_address>0x267ac</load_address>
         <run_address>0x267ac</run_address>
         <size>0x8</size>
         <input_file_ref idref="fl-1e"/>
      </object_component>
      <object_component id="oc-3d4">
         <name>.const:v_calib_data$2</name>
         <load_address>0x267b4</load_address>
         <run_address>0x267b4</run_address>
         <size>0x8</size>
         <input_file_ref idref="fl-2f"/>
      </object_component>
      <object_component id="oc-301">
         <name>.const:$P$T0$1</name>
         <load_address>0x267bc</load_address>
         <run_address>0x267bc</run_address>
         <size>0x6</size>
         <input_file_ref idref="fl-2a"/>
      </object_component>
      <object_component id="oc-2b7">
         <name>.const:.string:$P$T0$1</name>
         <load_address>0x267c2</load_address>
         <run_address>0x267c2</run_address>
         <size>0x5</size>
         <input_file_ref idref="fl-2e"/>
      </object_component>
      <object_component id="oc-3d3">
         <name>.const:.string:v_correct_u8$1</name>
         <load_address>0x267c7</load_address>
         <run_address>0x267c7</run_address>
         <size>0x5</size>
         <input_file_ref idref="fl-2f"/>
      </object_component>
      <object_component id="oc-280">
         <name>.const</name>
         <load_address>0x267cc</load_address>
         <run_address>0x267cc</run_address>
         <size>0x4</size>
         <input_file_ref idref="fl-23"/>
      </object_component>
      <object_component id="oc-3cd">
         <name>.const:.string:INVALID_OFFSET</name>
         <load_address>0x267d0</load_address>
         <run_address>0x267d0</run_address>
         <size>0x3</size>
         <input_file_ref idref="fl-2f"/>
      </object_component>
      <object_component id="oc-54f">
         <name>.cinit..data.load</name>
         <load_address>0x3fa10</load_address>
         <run_address>0x3fa10</run_address>
         <size>0x1a</size>
      </object_component>
      <object_component id="oc-54c">
         <name>__TI_handler_table</name>
         <load_address>0x3fa2c</load_address>
         <run_address>0x3fa2c</run_address>
         <size>0xc</size>
      </object_component>
      <object_component id="oc-550">
         <name>.cinit..bss.load</name>
         <load_address>0x3fa38</load_address>
         <run_address>0x3fa38</run_address>
         <size>0x8</size>
      </object_component>
      <object_component id="oc-54e">
         <name>.cinit..vtable.load</name>
         <load_address>0x3fa40</load_address>
         <run_address>0x3fa40</run_address>
         <size>0x8</size>
      </object_component>
      <object_component id="oc-54d">
         <name>__TI_cinit_table</name>
         <load_address>0x3fa48</load_address>
         <run_address>0x3fa48</run_address>
         <size>0x18</size>
      </object_component>
      <object_component id="oc-1b5">
         <name>.vtable</name>
         <uninitialized>true</uninitialized>
         <run_address>0x20000000</run_address>
         <size>0x26c</size>
         <input_file_ref idref="fl-15"/>
      </object_component>
      <object_component id="oc-275">
         <name>.data</name>
         <load_address>0x20005f54</load_address>
         <run_address>0x20005f54</run_address>
         <size>0x5</size>
         <input_file_ref idref="fl-23"/>
      </object_component>
      <object_component id="oc-3c1">
         <name>.data</name>
         <load_address>0x20005f4c</load_address>
         <run_address>0x20005f4c</run_address>
         <size>0x8</size>
         <input_file_ref idref="fl-2f"/>
      </object_component>
      <object_component id="oc-3b9">
         <name>.data:v_fifo_data_u8</name>
         <load_address>0x20005b3c</load_address>
         <run_address>0x20005b3c</run_address>
         <size>0x400</size>
         <input_file_ref idref="fl-2f"/>
      </object_component>
      <object_component id="oc-c0">
         <name>.data</name>
         <load_address>0x20005f5c</load_address>
         <run_address>0x20005f5c</run_address>
         <size>0x4</size>
         <input_file_ref idref="fl-37"/>
      </object_component>
      <object_component id="oc-420">
         <name>.data:$O1$$</name>
         <load_address>0x20005f44</load_address>
         <run_address>0x20005f44</run_address>
         <size>0x8</size>
         <input_file_ref idref="fl-109"/>
      </object_component>
      <object_component id="oc-34f">
         <name>.data</name>
         <load_address>0x20005f64</load_address>
         <run_address>0x20005f64</run_address>
         <size>0x4</size>
         <input_file_ref idref="fl-10a"/>
      </object_component>
      <object_component id="oc-504">
         <name>.data</name>
         <load_address>0x20005f60</load_address>
         <run_address>0x20005f60</run_address>
         <size>0x4</size>
         <input_file_ref idref="fl-10c"/>
      </object_component>
      <object_component id="oc-34c">
         <name>.data:$O1$$</name>
         <load_address>0x20005f3c</load_address>
         <run_address>0x20005f3c</run_address>
         <size>0x8</size>
         <input_file_ref idref="fl-113"/>
      </object_component>
      <object_component id="oc-1e7">
         <name>.bss:g_pui8OversampleFactor</name>
         <uninitialized>true</uninitialized>
         <run_address>0x20005ad8</run_address>
         <size>0x8</size>
         <input_file_ref idref="fl-5"/>
      </object_component>
      <object_component id="oc-3e2">
         <name>.bss</name>
         <uninitialized>true</uninitialized>
         <run_address>0x20005b0c</run_address>
         <size>0x4</size>
         <input_file_ref idref="fl-2d"/>
      </object_component>
      <object_component id="oc-3b6">
         <name>.bss</name>
         <uninitialized>true</uninitialized>
         <run_address>0x20005b10</run_address>
         <size>0x4</size>
         <input_file_ref idref="fl-2f"/>
      </object_component>
      <object_component id="oc-3c4">
         <name>.bss:mag_trim</name>
         <uninitialized>true</uninitialized>
         <run_address>0x20005aac</run_address>
         <size>0x10</size>
         <input_file_ref idref="fl-2f"/>
      </object_component>
      <object_component id="oc-3c7">
         <name>.bss:akm_asa_data</name>
         <uninitialized>true</uninitialized>
         <run_address>0x20005b34</run_address>
         <size>0x3</size>
         <input_file_ref idref="fl-2f"/>
      </object_component>
      <object_component id="oc-3ca">
         <name>.bss:yas532_data</name>
         <uninitialized>true</uninitialized>
         <run_address>0x200059b0</run_address>
         <size>0x70</size>
         <input_file_ref idref="fl-2f"/>
      </object_component>
      <object_component id="oc-293">
         <name>.bss</name>
         <uninitialized>true</uninitialized>
         <run_address>0x20005b38</run_address>
         <size>0x2</size>
         <input_file_ref idref="fl-34"/>
      </object_component>
      <object_component id="oc-45a">
         <name>.bss:ballFIFO</name>
         <uninitialized>true</uninitialized>
         <run_address>0x20005a5c</run_address>
         <size>0x24</size>
         <input_file_ref idref="fl-36"/>
      </object_component>
      <object_component id="oc-b2">
         <name>.bss</name>
         <uninitialized>true</uninitialized>
         <run_address>0x20005acc</run_address>
         <size>0xc</size>
         <input_file_ref idref="fl-37"/>
      </object_component>
      <object_component id="oc-b8">
         <name>.bss:threadControlBlocks</name>
         <uninitialized>true</uninitialized>
         <run_address>0x2000466c</run_address>
         <size>0x660</size>
         <input_file_ref idref="fl-37"/>
      </object_component>
      <object_component id="oc-bd">
         <name>.bss:threadStacks</name>
         <uninitialized>true</uninitialized>
         <run_address>0x2000026c</run_address>
         <size>0x4400</size>
         <input_file_ref idref="fl-37"/>
      </object_component>
      <object_component id="oc-b5">
         <name>.bss:Pthread</name>
         <uninitialized>true</uninitialized>
         <run_address>0x20005a80</run_address>
         <size>0x18</size>
         <input_file_ref idref="fl-37"/>
      </object_component>
      <object_component id="oc-4b2">
         <name>.bss:_CIOBUF_</name>
         <uninitialized>true</uninitialized>
         <run_address>0x20005890</run_address>
         <size>0x120</size>
         <input_file_ref idref="fl-116"/>
      </object_component>
      <object_component id="oc-bc">
         <name>.common:IBit_State</name>
         <uninitialized>true</uninitialized>
         <run_address>0x20005b18</run_address>
         <size>0x4</size>
      </object_component>
      <object_component id="oc-86">
         <name>.common:CurrentlyRunningThread</name>
         <uninitialized>true</uninitialized>
         <run_address>0x20005b14</run_address>
         <size>0x4</size>
      </object_component>
      <object_component id="oc-363">
         <name>.common:poolBalls</name>
         <uninitialized>true</uninitialized>
         <run_address>0x20005710</run_address>
         <size>0x180</size>
      </object_component>
      <object_component id="oc-bb">
         <name>.common:currentMaxPriority</name>
         <uninitialized>true</uninitialized>
         <run_address>0x20005b3a</run_address>
         <size>0x2</size>
      </object_component>
      <object_component id="oc-220">
         <name>.common:LEDMutex</name>
         <uninitialized>true</uninitialized>
         <run_address>0x20005b20</run_address>
         <size>0x4</size>
      </object_component>
      <object_component id="oc-221">
         <name>.common:LCDMutex</name>
         <uninitialized>true</uninitialized>
         <run_address>0x20005b1c</run_address>
         <size>0x4</size>
      </object_component>
      <object_component id="oc-222">
         <name>.common:joyMutex</name>
         <uninitialized>true</uninitialized>
         <run_address>0x20005b30</run_address>
         <size>0x4</size>
      </object_component>
      <object_component id="oc-2c0">
         <name>.common:REGISTER_LEDS</name>
         <uninitialized>true</uninitialized>
         <run_address>0x20005b28</run_address>
         <size>0x4</size>
      </object_component>
      <object_component id="oc-2c5">
         <name>.common:LEDShiftTemp</name>
         <uninitialized>true</uninitialized>
         <run_address>0x20005b24</run_address>
         <size>0x4</size>
      </object_component>
      <object_component id="oc-35a">
         <name>.common:gameStats</name>
         <uninitialized>true</uninitialized>
         <run_address>0x20005abc</run_address>
         <size>0x10</size>
      </object_component>
      <object_component id="oc-35b">
         <name>.common:turnStats</name>
         <uninitialized>true</uninitialized>
         <run_address>0x20005af8</run_address>
         <size>0x8</size>
      </object_component>
      <object_component id="oc-35c">
         <name>.common:buttonFlags</name>
         <uninitialized>true</uninitialized>
         <run_address>0x20005ae0</run_address>
         <size>0x8</size>
      </object_component>
      <object_component id="oc-373">
         <name>.common:joyCoords</name>
         <uninitialized>true</uninitialized>
         <run_address>0x20005ae8</run_address>
         <size>0x8</size>
      </object_component>
      <object_component id="oc-2b4">
         <name>.common:bme280</name>
         <uninitialized>true</uninitialized>
         <run_address>0x20005a20</run_address>
         <size>0x3c</size>
      </object_component>
      <object_component id="oc-3bc">
         <name>.common:accel_fifo</name>
         <uninitialized>true</uninitialized>
         <run_address>0x20004ccc</run_address>
         <size>0x36c</size>
      </object_component>
      <object_component id="oc-3bf">
         <name>.common:gyro_fifo</name>
         <uninitialized>true</uninitialized>
         <run_address>0x20005038</run_address>
         <size>0x36c</size>
      </object_component>
      <object_component id="oc-3c0">
         <name>.common:mag_fifo</name>
         <uninitialized>true</uninitialized>
         <run_address>0x200053a4</run_address>
         <size>0x36c</size>
      </object_component>
      <object_component id="oc-29d">
         <name>.common:s_bmi160</name>
         <uninitialized>true</uninitialized>
         <run_address>0x20005a98</run_address>
         <size>0x14</size>
      </object_component>
      <object_component id="oc-2a0">
         <name>.common:gyroxyz</name>
         <uninitialized>true</uninitialized>
         <run_address>0x20005b06</run_address>
         <size>0x6</size>
      </object_component>
      <object_component id="oc-2a1">
         <name>.common:accelxyz</name>
         <uninitialized>true</uninitialized>
         <run_address>0x20005b00</run_address>
         <size>0x6</size>
      </object_component>
      <object_component id="oc-b1">
         <name>.common:SystemTime</name>
         <uninitialized>true</uninitialized>
         <run_address>0x20005b2c</run_address>
         <size>0x4</size>
      </object_component>
      <object_component id="oc-430">
         <name>.common:parmbuf</name>
         <uninitialized>true</uninitialized>
         <run_address>0x20005af0</run_address>
         <size>0x8</size>
      </object_component>
      <object_component id="oc-24">
         <name>.sysmem</name>
         <uninitialized>true</uninitialized>
         <run_address>0x20006168</run_address>
         <size>0x10</size>
         <input_file_ref idref="fl-109"/>
      </object_component>
      <object_component id="oc-553">
         <name>.sysmem</name>
         <uninitialized>true</uninitialized>
         <run_address>0x20006168</run_address>
         <size>0x0</size>
      </object_component>
      <object_component id="oc-27">
         <name>.stack</name>
         <uninitialized>true</uninitialized>
         <run_address>0x20005f68</run_address>
         <size>0x4</size>
         <input_file_ref idref="fl-10d"/>
      </object_component>
      <object_component id="oc-552">
         <name>.stack</name>
         <uninitialized>true</uninitialized>
         <run_address>0x20005f68</run_address>
         <size>0x0</size>
      </object_component>
      <object_component id="oc-87">
         <name>.debug_info</name>
         <load_address>0x0</load_address>
         <run_address>0x0</run_address>
         <size>0x670</size>
         <input_file_ref idref="fl-2"/>
      </object_component>
      <object_component id="oc-111">
         <name>.debug_info</name>
         <load_address>0x670</load_address>
         <run_address>0x670</run_address>
         <size>0x282</size>
         <input_file_ref idref="fl-2"/>
      </object_component>
      <object_component id="oc-d3">
         <name>.debug_info</name>
         <load_address>0x8f2</load_address>
         <run_address>0x8f2</run_address>
         <size>0x7e</size>
         <input_file_ref idref="fl-2"/>
      </object_component>
      <object_component id="oc-ea">
         <name>.debug_info</name>
         <load_address>0x970</load_address>
         <run_address>0x970</run_address>
         <size>0x26b</size>
         <input_file_ref idref="fl-2"/>
      </object_component>
      <object_component id="oc-13f">
         <name>.debug_info</name>
         <load_address>0xbdb</load_address>
         <run_address>0xbdb</run_address>
         <size>0x110</size>
         <input_file_ref idref="fl-2"/>
      </object_component>
      <object_component id="oc-150">
         <name>.debug_info</name>
         <load_address>0xceb</load_address>
         <run_address>0xceb</run_address>
         <size>0x62</size>
         <input_file_ref idref="fl-2"/>
      </object_component>
      <object_component id="oc-c9">
         <name>.debug_info</name>
         <load_address>0xd4d</load_address>
         <run_address>0xd4d</run_address>
         <size>0x8b</size>
         <input_file_ref idref="fl-2"/>
      </object_component>
      <object_component id="oc-1d7">
         <name>.debug_info</name>
         <load_address>0xdd8</load_address>
         <run_address>0xdd8</run_address>
         <size>0x2a4</size>
         <input_file_ref idref="fl-2"/>
      </object_component>
      <object_component id="oc-1af">
         <name>.debug_info</name>
         <load_address>0x107c</load_address>
         <run_address>0x107c</run_address>
         <size>0xef</size>
         <input_file_ref idref="fl-2"/>
      </object_component>
      <object_component id="oc-c4">
         <name>.debug_info</name>
         <load_address>0x116b</load_address>
         <run_address>0x116b</run_address>
         <size>0xbb</size>
         <input_file_ref idref="fl-2"/>
      </object_component>
      <object_component id="oc-130">
         <name>.debug_info</name>
         <load_address>0x1226</load_address>
         <run_address>0x1226</run_address>
         <size>0x2c</size>
         <input_file_ref idref="fl-2"/>
      </object_component>
      <object_component id="oc-ce">
         <name>.debug_info</name>
         <load_address>0x1252</load_address>
         <run_address>0x1252</run_address>
         <size>0x1b6</size>
         <input_file_ref idref="fl-2"/>
      </object_component>
      <object_component id="oc-135">
         <name>.debug_info</name>
         <load_address>0x1408</load_address>
         <run_address>0x1408</run_address>
         <size>0x35</size>
         <input_file_ref idref="fl-2"/>
      </object_component>
      <object_component id="oc-2c7">
         <name>.debug_info</name>
         <load_address>0x143d</load_address>
         <run_address>0x143d</run_address>
         <size>0x55</size>
         <input_file_ref idref="fl-2"/>
      </object_component>
      <object_component id="oc-13a">
         <name>.debug_info</name>
         <load_address>0x1492</load_address>
         <run_address>0x1492</run_address>
         <size>0xee</size>
         <input_file_ref idref="fl-2"/>
      </object_component>
      <object_component id="oc-89">
         <name>.debug_info</name>
         <load_address>0x1580</load_address>
         <run_address>0x1580</run_address>
         <size>0xb3e</size>
         <input_file_ref idref="fl-3"/>
      </object_component>
      <object_component id="oc-35e">
         <name>.debug_info</name>
         <load_address>0x20be</load_address>
         <run_address>0x20be</run_address>
         <size>0xd7</size>
         <input_file_ref idref="fl-3"/>
      </object_component>
      <object_component id="oc-361">
         <name>.debug_info</name>
         <load_address>0x2195</load_address>
         <run_address>0x2195</run_address>
         <size>0xd7</size>
         <input_file_ref idref="fl-3"/>
      </object_component>
      <object_component id="oc-375">
         <name>.debug_info</name>
         <load_address>0x226c</load_address>
         <run_address>0x226c</run_address>
         <size>0xd8</size>
         <input_file_ref idref="fl-3"/>
      </object_component>
      <object_component id="oc-224">
         <name>.debug_info</name>
         <load_address>0x2344</load_address>
         <run_address>0x2344</run_address>
         <size>0x26a4</size>
         <input_file_ref idref="fl-3"/>
      </object_component>
      <object_component id="oc-146">
         <name>.debug_info</name>
         <load_address>0x49e8</load_address>
         <run_address>0x49e8</run_address>
         <size>0x6d1</size>
         <input_file_ref idref="fl-3"/>
      </object_component>
      <object_component id="oc-1f5">
         <name>.debug_info</name>
         <load_address>0x50b9</load_address>
         <run_address>0x50b9</run_address>
         <size>0x2c</size>
         <input_file_ref idref="fl-3"/>
      </object_component>
      <object_component id="oc-14b">
         <name>.debug_info</name>
         <load_address>0x50e5</load_address>
         <run_address>0x50e5</run_address>
         <size>0x1ed</size>
         <input_file_ref idref="fl-3"/>
      </object_component>
      <object_component id="oc-2a9">
         <name>.debug_info</name>
         <load_address>0x52d2</load_address>
         <run_address>0x52d2</run_address>
         <size>0x7d</size>
         <input_file_ref idref="fl-3"/>
      </object_component>
      <object_component id="oc-43">
         <name>.debug_info</name>
         <load_address>0x534f</load_address>
         <run_address>0x534f</run_address>
         <size>0x324</size>
         <input_file_ref idref="fl-4"/>
      </object_component>
      <object_component id="oc-13">
         <name>.debug_info</name>
         <load_address>0x5673</load_address>
         <run_address>0x5673</run_address>
         <size>0xf3</size>
         <input_file_ref idref="fl-4"/>
      </object_component>
      <object_component id="oc-2c">
         <name>.debug_info</name>
         <load_address>0x5766</load_address>
         <run_address>0x5766</run_address>
         <size>0x26f</size>
         <input_file_ref idref="fl-4"/>
      </object_component>
      <object_component id="oc-4a">
         <name>.debug_info</name>
         <load_address>0x59d5</load_address>
         <run_address>0x59d5</run_address>
         <size>0x84</size>
         <input_file_ref idref="fl-4"/>
      </object_component>
      <object_component id="oc-1eb">
         <name>.debug_info</name>
         <load_address>0x5a59</load_address>
         <run_address>0x5a59</run_address>
         <size>0x347</size>
         <input_file_ref idref="fl-5"/>
      </object_component>
      <object_component id="oc-1e8">
         <name>.debug_info</name>
         <load_address>0x5da0</load_address>
         <run_address>0x5da0</run_address>
         <size>0x108</size>
         <input_file_ref idref="fl-5"/>
      </object_component>
      <object_component id="oc-e1">
         <name>.debug_info</name>
         <load_address>0x5ea8</load_address>
         <run_address>0x5ea8</run_address>
         <size>0x2f86</size>
         <input_file_ref idref="fl-5"/>
      </object_component>
      <object_component id="oc-1a1">
         <name>.debug_info</name>
         <load_address>0x8e2e</load_address>
         <run_address>0x8e2e</run_address>
         <size>0x3e9</size>
         <input_file_ref idref="fl-9"/>
      </object_component>
      <object_component id="oc-16d">
         <name>.debug_info</name>
         <load_address>0x9217</load_address>
         <run_address>0x9217</run_address>
         <size>0x627</size>
         <input_file_ref idref="fl-11"/>
      </object_component>
      <object_component id="oc-1e6">
         <name>.debug_info</name>
         <load_address>0x983e</load_address>
         <run_address>0x983e</run_address>
         <size>0x371</size>
         <input_file_ref idref="fl-12"/>
      </object_component>
      <object_component id="oc-1dd">
         <name>.debug_info</name>
         <load_address>0x9baf</load_address>
         <run_address>0x9baf</run_address>
         <size>0x111</size>
         <input_file_ref idref="fl-12"/>
      </object_component>
      <object_component id="oc-1e0">
         <name>.debug_info</name>
         <load_address>0x9cc0</load_address>
         <run_address>0x9cc0</run_address>
         <size>0x113</size>
         <input_file_ref idref="fl-12"/>
      </object_component>
      <object_component id="oc-1e3">
         <name>.debug_info</name>
         <load_address>0x9dd3</load_address>
         <run_address>0x9dd3</run_address>
         <size>0x105</size>
         <input_file_ref idref="fl-12"/>
      </object_component>
      <object_component id="oc-db">
         <name>.debug_info</name>
         <load_address>0x9ed8</load_address>
         <run_address>0x9ed8</run_address>
         <size>0x370e</size>
         <input_file_ref idref="fl-12"/>
      </object_component>
      <object_component id="oc-3b3">
         <name>.debug_info</name>
         <load_address>0xd5e6</load_address>
         <run_address>0xd5e6</run_address>
         <size>0x362</size>
         <input_file_ref idref="fl-14"/>
      </object_component>
      <object_component id="oc-3ad">
         <name>.debug_info</name>
         <load_address>0xd948</load_address>
         <run_address>0xd948</run_address>
         <size>0xfe</size>
         <input_file_ref idref="fl-14"/>
      </object_component>
      <object_component id="oc-3b0">
         <name>.debug_info</name>
         <load_address>0xda46</load_address>
         <run_address>0xda46</run_address>
         <size>0x110</size>
         <input_file_ref idref="fl-14"/>
      </object_component>
      <object_component id="oc-28c">
         <name>.debug_info</name>
         <load_address>0xdb56</load_address>
         <run_address>0xdb56</run_address>
         <size>0x3100</size>
         <input_file_ref idref="fl-14"/>
      </object_component>
      <object_component id="oc-1cb">
         <name>.debug_info</name>
         <load_address>0x10c56</load_address>
         <run_address>0x10c56</run_address>
         <size>0x34e</size>
         <input_file_ref idref="fl-15"/>
      </object_component>
      <object_component id="oc-1b9">
         <name>.debug_info</name>
         <load_address>0x10fa4</load_address>
         <run_address>0x10fa4</run_address>
         <size>0x100</size>
         <input_file_ref idref="fl-15"/>
      </object_component>
      <object_component id="oc-1bc">
         <name>.debug_info</name>
         <load_address>0x110a4</load_address>
         <run_address>0x110a4</run_address>
         <size>0xf8</size>
         <input_file_ref idref="fl-15"/>
      </object_component>
      <object_component id="oc-1bf">
         <name>.debug_info</name>
         <load_address>0x1119c</load_address>
         <run_address>0x1119c</run_address>
         <size>0xfc</size>
         <input_file_ref idref="fl-15"/>
      </object_component>
      <object_component id="oc-1c2">
         <name>.debug_info</name>
         <load_address>0x11298</load_address>
         <run_address>0x11298</run_address>
         <size>0x102</size>
         <input_file_ref idref="fl-15"/>
      </object_component>
      <object_component id="oc-1c5">
         <name>.debug_info</name>
         <load_address>0x1139a</load_address>
         <run_address>0x1139a</run_address>
         <size>0x100</size>
         <input_file_ref idref="fl-15"/>
      </object_component>
      <object_component id="oc-1c8">
         <name>.debug_info</name>
         <load_address>0x1149a</load_address>
         <run_address>0x1149a</run_address>
         <size>0x104</size>
         <input_file_ref idref="fl-15"/>
      </object_component>
      <object_component id="oc-1b6">
         <name>.debug_info</name>
         <load_address>0x1159e</load_address>
         <run_address>0x1159e</run_address>
         <size>0x101</size>
         <input_file_ref idref="fl-15"/>
      </object_component>
      <object_component id="oc-a7">
         <name>.debug_info</name>
         <load_address>0x1169f</load_address>
         <run_address>0x1169f</run_address>
         <size>0xebb</size>
         <input_file_ref idref="fl-15"/>
      </object_component>
      <object_component id="oc-400">
         <name>.debug_info</name>
         <load_address>0x1255a</load_address>
         <run_address>0x1255a</run_address>
         <size>0x352</size>
         <input_file_ref idref="fl-1c"/>
      </object_component>
      <object_component id="oc-3fa">
         <name>.debug_info</name>
         <load_address>0x128ac</load_address>
         <run_address>0x128ac</run_address>
         <size>0xfe</size>
         <input_file_ref idref="fl-1c"/>
      </object_component>
      <object_component id="oc-3fd">
         <name>.debug_info</name>
         <load_address>0x129aa</load_address>
         <run_address>0x129aa</run_address>
         <size>0x110</size>
         <input_file_ref idref="fl-1c"/>
      </object_component>
      <object_component id="oc-2ce">
         <name>.debug_info</name>
         <load_address>0x12aba</load_address>
         <run_address>0x12aba</run_address>
         <size>0x191d</size>
         <input_file_ref idref="fl-1c"/>
      </object_component>
      <object_component id="oc-1b4">
         <name>.debug_info</name>
         <load_address>0x143d7</load_address>
         <run_address>0x143d7</run_address>
         <size>0x3d3</size>
         <input_file_ref idref="fl-1e"/>
      </object_component>
      <object_component id="oc-1a6">
         <name>.debug_info</name>
         <load_address>0x147aa</load_address>
         <run_address>0x147aa</run_address>
         <size>0xf7</size>
         <input_file_ref idref="fl-1e"/>
      </object_component>
      <object_component id="oc-1ac">
         <name>.debug_info</name>
         <load_address>0x148a1</load_address>
         <run_address>0x148a1</run_address>
         <size>0x103</size>
         <input_file_ref idref="fl-1e"/>
      </object_component>
      <object_component id="oc-19d">
         <name>.debug_info</name>
         <load_address>0x149a4</load_address>
         <run_address>0x149a4</run_address>
         <size>0xfd</size>
         <input_file_ref idref="fl-1e"/>
      </object_component>
      <object_component id="oc-1a9">
         <name>.debug_info</name>
         <load_address>0x14aa1</load_address>
         <run_address>0x14aa1</run_address>
         <size>0x10a</size>
         <input_file_ref idref="fl-1e"/>
      </object_component>
      <object_component id="oc-a1">
         <name>.debug_info</name>
         <load_address>0x14bab</load_address>
         <run_address>0x14bab</run_address>
         <size>0x3111</size>
         <input_file_ref idref="fl-1e"/>
      </object_component>
      <object_component id="oc-315">
         <name>.debug_info</name>
         <load_address>0x17cbc</load_address>
         <run_address>0x17cbc</run_address>
         <size>0x51</size>
         <input_file_ref idref="fl-1e"/>
      </object_component>
      <object_component id="oc-15e">
         <name>.debug_info</name>
         <load_address>0x17d0d</load_address>
         <run_address>0x17d0d</run_address>
         <size>0x2dd</size>
         <input_file_ref idref="fl-20"/>
      </object_component>
      <object_component id="oc-95">
         <name>.debug_info</name>
         <load_address>0x17fea</load_address>
         <run_address>0x17fea</run_address>
         <size>0x640</size>
         <input_file_ref idref="fl-20"/>
      </object_component>
      <object_component id="oc-271">
         <name>.debug_info</name>
         <load_address>0x1862a</load_address>
         <run_address>0x1862a</run_address>
         <size>0x353</size>
         <input_file_ref idref="fl-22"/>
      </object_component>
      <object_component id="oc-26b">
         <name>.debug_info</name>
         <load_address>0x1897d</load_address>
         <run_address>0x1897d</run_address>
         <size>0x101</size>
         <input_file_ref idref="fl-22"/>
      </object_component>
      <object_component id="oc-26e">
         <name>.debug_info</name>
         <load_address>0x18a7e</load_address>
         <run_address>0x18a7e</run_address>
         <size>0x113</size>
         <input_file_ref idref="fl-22"/>
      </object_component>
      <object_component id="oc-161">
         <name>.debug_info</name>
         <load_address>0x18b91</load_address>
         <run_address>0x18b91</run_address>
         <size>0x2bf3</size>
         <input_file_ref idref="fl-22"/>
      </object_component>
      <object_component id="oc-284">
         <name>.debug_info</name>
         <load_address>0x1b784</load_address>
         <run_address>0x1b784</run_address>
         <size>0x3ff</size>
         <input_file_ref idref="fl-23"/>
      </object_component>
      <object_component id="oc-276">
         <name>.debug_info</name>
         <load_address>0x1bb83</load_address>
         <run_address>0x1bb83</run_address>
[...]
      </symbol>
      <symbol id="sm-1406">
         <name>bmi160_get_accel_offset_compensation_yaxis</name>
         <value>0x2eac1</value>
         <object_component_ref idref="oc-297"/>
      </symbol>
      <symbol id="sm-1407">
         <name>bmi160_set_i2c_device_addr</name>
         <value>0x2908f</value>
         <object_component_ref idref="oc-297"/>
      </symbol>
      <symbol id="sm-1408">
         <name>bmi160_get_i2c_device_addr</name>
         <value>0x2903b</value>
         <object_component_ref idref="oc-297"/>
      </symbol>
      <symbol id="sm-1409">
         <name>v_fifo_data_u8</name>
         <value>0x20005b3c</value>
         <object_component_ref idref="oc-3b9"/>
      </symbol>
      <symbol id="sm-140a">
         <name>bmi160_get_fifo_time_enable</name>
         <value>0x28a41</value>
         <object_component_ref idref="oc-297"/>
      </symbol>
      <symbol id="sm-1460">
         <name>s_bmi160</name>
         <value>0x20005a98</value>
      </symbol>
      <symbol id="sm-1461">
         <name>gyroxyz</name>
         <value>0x20005b06</value>
      </symbol>
      <symbol id="sm-1462">
         <name>accelxyz</name>
         <value>0x20005b00</value>
      </symbol>
      <symbol id="sm-1463">
         <name>bmi160_interrupt_configuration</name>
         <value>0x39ca5</value>
         <object_component_ref idref="oc-183"/>
      </symbol>
      <symbol id="sm-1464">
         <name>bmi160_initialize_sensor</name>
         <value>0x39301</value>
         <object_component_ref idref="oc-183"/>
      </symbol>
      <symbol id="sm-1465">
         <name>bmi160_i2c_bus_read</name>
         <value>0x39d4f</value>
         <object_component_ref idref="oc-183"/>
      </symbol>
      <symbol id="sm-1466">
         <name>bmi160_delay_ms</name>
         <value>0x39f01</value>
         <object_component_ref idref="oc-183"/>
      </symbol>
      <symbol id="sm-1467">
         <name>bmi160_spi_bus_read</name>
         <value>0x39ebb</value>
         <object_component_ref idref="oc-183"/>
      </symbol>
      <symbol id="sm-1468">
         <name>bmi160_config_running_mode</name>
         <value>0x3933d</value>
         <object_component_ref idref="oc-183"/>
      </symbol>
      <symbol id="sm-1469">
         <name>bmi160_spi_bus_write</name>
         <value>0x39edd</value>
         <object_component_ref idref="oc-183"/>
      </symbol>
      <symbol id="sm-146a">
         <name>spi_routine</name>
         <value>0x39d39</value>
         <object_component_ref idref="oc-183"/>
      </symbol>
      <symbol id="sm-146b">
         <name>bmi160_i2c_bus_write</name>
         <value>0x39e7d</value>
         <object_component_ref idref="oc-183"/>
      </symbol>
      <symbol id="sm-146c">
         <name>bmi160_i2c_burst_read</name>
         <value>0x39e61</value>
         <object_component_ref idref="oc-183"/>
      </symbol>
      <symbol id="sm-146d">
         <name>i2c_routine</name>
         <value>0x39d17</value>
         <object_component_ref idref="oc-183"/>
      </symbol>
      <symbol id="sm-147a">
         <name>DelayMs</name>
         <value>0x3f8f1</value>
         <object_component_ref idref="oc-2a2"/>
      </symbol>
      <symbol id="sm-147b">
         <name>SysDelay</name>
         <value>0x3fa03</value>
         <object_component_ref idref="oc-2cc"/>
      </symbol>
      <symbol id="sm-148f">
         <name>sensorOpt3001Enable</name>
         <value>0x3e8e5</value>
         <object_component_ref idref="oc-177"/>
      </symbol>
      <symbol id="sm-1490">
         <name>sensorOpt3001Read</name>
         <value>0x3e933</value>
         <object_component_ref idref="oc-177"/>
      </symbol>
      <symbol id="sm-1491">
         <name>sensorOpt3001Init</name>
         <value>0x3e8d9</value>
         <object_component_ref idref="oc-177"/>
      </symbol>
      <symbol id="sm-1492">
         <name>sensorOpt3001Test</name>
         <value>0x3e977</value>
         <object_component_ref idref="oc-177"/>
      </symbol>
      <symbol id="sm-14b6">
         <name>sensorTmp007Read</name>
         <value>0x3df1b</value>
         <object_component_ref idref="oc-17d"/>
      </symbol>
      <symbol id="sm-14b7">
         <name>sensorTmp007Init</name>
         <value>0x3de69</value>
         <object_component_ref idref="oc-17d"/>
      </symbol>
      <symbol id="sm-14b8">
         <name>sensorTmp007Enable</name>
         <value>0x3de6b</value>
         <object_component_ref idref="oc-17d"/>
      </symbol>
      <symbol id="sm-14b9">
         <name>sensorTmp007Test</name>
         <value>0x3e04d</value>
         <object_component_ref idref="oc-17d"/>
      </symbol>
      <symbol id="sm-14c2">
         <name>StartCriticalSection</name>
         <value>0x3f9a9</value>
         <object_component_ref idref="oc-ac"/>
      </symbol>
      <symbol id="sm-14c3">
         <name>EndCriticalSection</name>
         <value>0x3f9b1</value>
         <object_component_ref idref="oc-ac"/>
      </symbol>
      <symbol id="sm-1578">
         <name>checkDoBallCollisions</name>
         <value>0x368b1</value>
         <object_component_ref idref="oc-354"/>
      </symbol>
      <symbol id="sm-1579">
         <name>initBallFIFO</name>
         <value>0x37451</value>
         <object_component_ref idref="oc-354"/>
      </symbol>
      <symbol id="sm-157a">
         <name>moveBallTick</name>
         <value>0x36d4b</value>
         <object_component_ref idref="oc-354"/>
      </symbol>
      <symbol id="sm-157b">
         <name>ballCollision</name>
         <value>0x36a31</value>
         <object_component_ref idref="oc-354"/>
      </symbol>
      <symbol id="sm-157c">
         <name>checkBallPocketed</name>
         <value>0x370c1</value>
         <object_component_ref idref="oc-354"/>
      </symbol>
      <symbol id="sm-157d">
         <name>initBallData</name>
         <value>0x364e1</value>
         <object_component_ref idref="oc-354"/>
      </symbol>
      <symbol id="sm-157e">
         <name>checkDoCollideWall</name>
         <value>0x36f61</value>
         <object_component_ref idref="oc-354"/>
      </symbol>
      <symbol id="sm-157f">
         <name>popBallFIFO</name>
         <value>0x3747d</value>
         <object_component_ref idref="oc-354"/>
      </symbol>
      <symbol id="sm-1580">
         <name>pushBallFIFO</name>
         <value>0x374bb</value>
         <object_component_ref idref="oc-354"/>
      </symbol>
      <symbol id="sm-1581">
         <name>ballsStopped</name>
         <value>0x37417</value>
         <object_component_ref idref="oc-354"/>
      </symbol>
      <symbol id="sm-162c">
         <name>SystemTime</name>
         <value>0x20005b2c</value>
      </symbol>
      <symbol id="sm-162d">
         <name>G8RTOS_AddThread</name>
         <value>0x3ac6d</value>
         <object_component_ref idref="oc-35"/>
      </symbol>
      <symbol id="sm-162e">
         <name>wakeThreads</name>
         <value>0x3b301</value>
         <object_component_ref idref="oc-35"/>
      </symbol>
      <symbol id="sm-162f">
         <name>SysTick_Handler</name>
         <value>0x3abdd</value>
         <object_component_ref idref="oc-35"/>
      </symbol>
      <symbol id="sm-1630">
         <name>G8RTOS_KillThread</name>
         <value>0x3b00d</value>
         <object_component_ref idref="oc-35"/>
      </symbol>
      <symbol id="sm-1631">
         <name>G8RTOS_Init</name>
         <value>0x3ac23</value>
         <object_component_ref idref="oc-35"/>
      </symbol>
      <symbol id="sm-1632">
         <name>G8RTOS_AddPeriodicEvent</name>
         <value>0x3ae81</value>
         <object_component_ref idref="oc-35"/>
      </symbol>
      <symbol id="sm-1633">
         <name>G8RTOS_KillAllThreads</name>
         <value>0x3b199</value>
         <object_component_ref idref="oc-35"/>
      </symbol>
      <symbol id="sm-1634">
         <name>getSleepers</name>
         <value>0x3b375</value>
         <object_component_ref idref="oc-35"/>
      </symbol>
      <symbol id="sm-1635">
         <name>findFirstDeadTCB</name>
         <value>0x3ae41</value>
         <object_component_ref idref="oc-35"/>
      </symbol>
      <symbol id="sm-1636">
         <name>G8RTOS_GetThreadId</name>
         <value>0x3afd7</value>
         <object_component_ref idref="oc-35"/>
      </symbol>
      <symbol id="sm-1637">
         <name>G8RTOS_Scheduler</name>
         <value>0x3ab6b</value>
         <object_component_ref idref="oc-35"/>
      </symbol>
      <symbol id="sm-1638">
         <name>sleepThread</name>
         <value>0x3b225</value>
         <object_component_ref idref="oc-35"/>
      </symbol>
      <symbol id="sm-1639">
         <name>G8RTOS_KillSelf</name>
         <value>0x3b16d</value>
         <object_component_ref idref="oc-35"/>
      </symbol>
      <symbol id="sm-163a">
         <name>GetNumberOfThreads</name>
         <value>0x3b17f</value>
         <object_component_ref idref="oc-35"/>
      </symbol>
      <symbol id="sm-163b">
         <name>G8RTOS_AddAPeriodicEvent</name>
         <value>0x3af5d</value>
         <object_component_ref idref="oc-35"/>
      </symbol>
      <symbol id="sm-163c">
         <name>G8RTOS_Launch</name>
         <value>0x3ac37</value>
         <object_component_ref idref="oc-35"/>
      </symbol>
      <symbol id="sm-163d">
         <name>sleep</name>
         <value>0x3afad</value>
         <object_component_ref idref="oc-35"/>
      </symbol>
      <symbol id="sm-1648">
         <name>PendSV_Handler</name>
         <value>0x3f677</value>
         <object_component_ref idref="oc-30"/>
      </symbol>
      <symbol id="sm-1649">
         <name>G8RTOS_Start</name>
         <value>0x3f669</value>
         <object_component_ref idref="oc-30"/>
      </symbol>
      <symbol id="sm-1665">
         <name>G8RTOS_SignalSemaphore</name>
         <value>0x3ee2f</value>
         <object_component_ref idref="oc-204"/>
      </symbol>
      <symbol id="sm-1666">
         <name>G8RTOS_WaitSemaphore</name>
         <value>0x3edf7</value>
         <object_component_ref idref="oc-204"/>
      </symbol>
      <symbol id="sm-1667">
         <name>G8RTOS_InitSemaphore</name>
         <value>0x3edd9</value>
         <object_component_ref idref="oc-204"/>
      </symbol>
      <symbol id="sm-16d5">
         <name>powf</name>
         <value>0x3c909</value>
         <object_component_ref idref="oc-44e"/>
      </symbol>
      <symbol id="sm-16e5">
         <name>sqrtf</name>
         <value>0x3f8c9</value>
         <object_component_ref idref="oc-454"/>
      </symbol>
      <symbol id="sm-170c">
         <name>scalbnf</name>
         <value>0x3eead</value>
         <object_component_ref idref="oc-4c2"/>
      </symbol>
      <symbol id="sm-170d">
         <name>ldexpf</name>
         <value>0x3eead</value>
         <object_component_ref idref="oc-4c2"/>
      </symbol>
      <symbol id="sm-171a">
         <name>copysignf</name>
         <value>0x3f979</value>
         <object_component_ref idref="oc-4f7"/>
      </symbol>
      <symbol id="sm-1731">
         <name>__aeabi_dsub</name>
         <value>0x3e12d</value>
         <object_component_ref idref="oc-364"/>
      </symbol>
      <symbol id="sm-1732">
         <name>__aeabi_dadd</name>
         <value>0x3e137</value>
         <object_component_ref idref="oc-364"/>
      </symbol>
      <symbol id="sm-1744">
         <name>__aeabi_cdrcmple</name>
         <value>0x3f29d</value>
         <object_component_ref idref="oc-20f"/>
      </symbol>
      <symbol id="sm-1758">
         <name>__aeabi_ddiv</name>
         <value>0x3e7a1</value>
         <object_component_ref idref="oc-369"/>
      </symbol>
      <symbol id="sm-1763">
         <name>__aeabi_dmul</name>
         <value>0x3eb0d</value>
         <object_component_ref idref="oc-2f4"/>
      </symbol>
      <symbol id="sm-176d">
         <name>__aeabi_d2iz</name>
         <value>0x3f599</value>
         <object_component_ref idref="oc-2f9"/>
      </symbol>
      <symbol id="sm-1779">
         <name>__aeabi_d2f</name>
         <value>0x3f40d</value>
         <object_component_ref idref="oc-36e"/>
      </symbol>
      <symbol id="sm-1784">
         <name>__aeabi_f2d</name>
         <value>0x3f7d9</value>
         <object_component_ref idref="oc-20a"/>
      </symbol>
      <symbol id="sm-178d">
         <name>__aeabi_lmul</name>
         <value>0x3f991</value>
         <object_component_ref idref="oc-3e5"/>
      </symbol>
      <symbol id="sm-17a8">
         <name>memcpy</name>
         <value>0x3f0e3</value>
         <object_component_ref idref="oc-4f"/>
      </symbol>
      <symbol id="sm-17a9">
         <name>__aeabi_memcpy</name>
         <value>0x3f0e3</value>
         <object_component_ref idref="oc-4f"/>
      </symbol>
      <symbol id="sm-17aa">
         <name>__aeabi_memcpy8</name>
         <value>0x3f0e3</value>
         <object_component_ref idref="oc-4f"/>
      </symbol>
      <symbol id="sm-17ab">
         <name>__aeabi_memcpy4</name>
         <value>0x3f0e3</value>
         <object_component_ref idref="oc-4f"/>
      </symbol>
      <symbol id="sm-17b5">
         <name>__aeabi_ui2d</name>
         <value>0x3f93d</value>
         <object_component_ref idref="oc-2ef"/>
      </symbol>
      <symbol id="sm-17c4">
         <name>__aeabi_memset</name>
         <value>0x3f325</value>
         <object_component_ref idref="oc-104"/>
      </symbol>
      <symbol id="sm-17c5">
         <name>memset</name>
         <value>0x3f32b</value>
         <object_component_ref idref="oc-104"/>
      </symbol>
      <symbol id="sm-17c6">
         <name>__aeabi_memset8</name>
         <value>0x3f325</value>
         <object_component_ref idref="oc-104"/>
      </symbol>
      <symbol id="sm-17c7">
         <name>__aeabi_memset4</name>
         <value>0x3f325</value>
         <object_component_ref idref="oc-104"/>
      </symbol>
      <symbol id="sm-17c8">
         <name>__aeabi_memclr8</name>
         <value>0x3f323</value>
         <object_component_ref idref="oc-104"/>
      </symbol>
      <symbol id="sm-17c9">
         <name>__aeabi_memclr4</name>
         <value>0x3f323</value>
         <object_component_ref idref="oc-104"/>
      </symbol>
      <symbol id="sm-17ca">
         <name>__aeabi_memclr</name>
         <value>0x3f323</value>
         <object_component_ref idref="oc-104"/>
      </symbol>
      <symbol id="sm-17d9">
         <name>__aeabi_uidivmod</name>
         <value>0x3f6e5</value>
         <object_component_ref idref="oc-27b"/>
      </symbol>
      <symbol id="sm-17da">
         <name>__aeabi_uidiv</name>
         <value>0x3f6e5</value>
         <object_component_ref idref="oc-27b"/>
      </symbol>
      <symbol id="sm-17e8">
         <name>__aeabi_ldivmod</name>
         <value>0x3f47b</value>
         <object_component_ref idref="oc-3ea"/>
      </symbol>
      <symbol id="sm-17f5">
         <name>__aeabi_uldivmod</name>
         <value>0x3f17f</value>
         <object_component_ref idref="oc-49a"/>
      </symbol>
      <symbol id="sm-1807">
         <name>__TI_zero_init</name>
         <value>0x3f9d3</value>
         <object_component_ref idref="oc-61"/>
      </symbol>
      <symbol id="sm-181e">
         <name>__TI_decompress_none</name>
         <value>0x3f9c5</value>
         <object_component_ref idref="oc-1b"/>
      </symbol>
      <symbol id="sm-1841">
         <name>__TI_decompress_lzss</name>
         <value>0x3f4e9</value>
         <object_component_ref idref="oc-15"/>
      </symbol>
      <symbol id="sm-18af">
         <name>_sys_memory</name>
         <value>0x20006168</value>
         <object_component_ref idref="oc-24"/>
      </symbol>
      <symbol id="sm-18b0">
         <name>memalign</name>
         <value>0x3ea0d</value>
         <object_component_ref idref="oc-335"/>
      </symbol>
      <symbol id="sm-18b1">
         <name>malloc</name>
         <value>0x3f9f5</value>
         <object_component_ref idref="oc-1fe"/>
      </symbol>
      <symbol id="sm-18b2">
         <name>aligned_alloc</name>
         <value>0x3ea0d</value>
         <object_component_ref idref="oc-335"/>
      </symbol>
      <symbol id="sm-18ca">
         <name>srand</name>
         <value>0x3f919</value>
         <object_component_ref idref="oc-21a"/>
      </symbol>
      <symbol id="sm-18e2">
         <name>__time32</name>
         <value>0x3f9b7</value>
         <object_component_ref idref="oc-214"/>
      </symbol>
      <symbol id="sm-18e3">
         <name>time</name>
         <value>0x3f9b7</value>
         <object_component_ref idref="oc-214"/>
      </symbol>
      <symbol id="sm-18f9">
         <name>__aeabi_errno_addr</name>
         <value>0x3f9ed</value>
         <object_component_ref idref="oc-4c8"/>
      </symbol>
      <symbol id="sm-18fa">
         <name>errno</name>
         <value>0x20005f60</value>
         <object_component_ref idref="oc-504"/>
      </symbol>
      <symbol id="sm-190d">
         <name>__stack</name>
         <value>0x20005f68</value>
         <object_component_ref idref="oc-27"/>
      </symbol>
      <symbol id="sm-190e">
         <name>_c_int00_noargs</name>
         <value>0x3f845</value>
         <object_component_ref idref="oc-6d"/>
      </symbol>
      <symbol id="sm-1918">
         <name>__aeabi_idiv0</name>
         <value>0x3de67</value>
         <object_component_ref idref="oc-3a1"/>
      </symbol>
      <symbol id="sm-1919">
         <name>__aeabi_ldiv0</name>
         <value>0x3de67</value>
         <object_component_ref idref="oc-3a1"/>
      </symbol>
      <symbol id="sm-1941">
         <name>__TI_auto_init_nobinit_nopinit</name>
         <value>0x3f5e1</value>
         <object_component_ref idref="oc-236"/>
      </symbol>
      <symbol id="sm-194b">
         <name>_system_pre_init</name>
         <value>0x3fa09</value>
         <object_component_ref idref="oc-10a"/>
      </symbol>
      <symbol id="sm-1957">
         <name>C$$EXIT</name>
         <value>0x3fa0d</value>
         <object_component_ref idref="oc-22a"/>
      </symbol>
      <symbol id="sm-1958">
         <name>abort</name>
         <value>0x3fa0d</value>
         <object_component_ref idref="oc-22a"/>
      </symbol>
      <symbol id="sm-196d">
         <name>_nop</name>
         <value>0x3c907</value>
         <object_component_ref idref="oc-440"/>
      </symbol>
      <symbol id="sm-196e">
         <name>_lock</name>
         <value>0x20005f3c</value>
         <object_component_ref idref="oc-34c"/>
      </symbol>
      <symbol id="sm-196f">
         <name>_unlock</name>
         <value>0x20005f40</value>
         <object_component_ref idref="oc-34c"/>
      </symbol>
      <symbol id="sm-1988">
         <name>HOSTtime</name>
         <value>0x3f551</value>
         <object_component_ref idref="oc-33f"/>
      </symbol>
      <symbol id="sm-19ac">
         <name>__TI_readmsg</name>
         <value>0x3f811</value>
         <object_component_ref idref="oc-42a"/>
      </symbol>
      <symbol id="sm-19ad">
         <name>C$$IO$$</name>
         <value>0x3f7cf</value>
         <object_component_ref idref="oc-424"/>
      </symbol>
      <symbol id="sm-19ae">
         <name>__CIOBUF_</name>
         <value>0x20005890</value>
         <object_component_ref idref="oc-4b2"/>
      </symbol>
      <symbol id="sm-19af">
         <name>__TI_writemsg</name>
         <value>0x3f7a1</value>
         <object_component_ref idref="oc-424"/>
      </symbol>
      <symbol id="sm-19b5">
         <name>parmbuf</name>
         <value>0x20005af0</value>
      </symbol>
      <symbol id="sm-19b7">
         <name>__TI_static_base__</name>
         <value>0x0</value>
      </symbol>
      <symbol id="sm-19ba">
         <name>__mpu_init</name>
         <value>0x0</value>
      </symbol>
      <symbol id="sm-19bb">
         <name>_system_post_cinit</name>
         <value>0x0</value>
      </symbol>
   </symbol_table>
   <title>Link successful</title>
</link_info>
